;    layer                    streamNumber    dataType
;    -----                    ------------    --------
     Metal1         label          7               3                 
     Metal1         drawing4       7               4                 
     Metal1         fill           7               5                 
     Metal1         drawing        7               0                 
     Metal1         pin            7               1                 
     Metal1         net            7               2                 
     Via1           label          8               3                 
     Via1           pin            8               1                 
     Via1           drawing4       8               4                 
     Via1           drawing        8               0                 
     Metal2         label          9               3                 
     Metal2         drawing4       9               4                 
     Metal2         fill           9               5                 
     Metal2         drawing        9               0                 
     Metal2         pin            9               1                 
     Metal2         net            9               2                 
     Via2           pin            10              1                 
     Via2           label          10              3                 
     Via2           drawing4       10              4                 
     Via2           drawing        10              0                 
     Metal3         label          11              3                 
     Metal3         drawing4       11              4                 
     Metal3         fill           11              5                 
     Metal3         drawing        11              0                 
     Metal3         pin            11              1                 
     Metal3         net            11              2                 
     Via3           pin            30              1                 
     Via3           label          30              3                 
     Via3           drawing4       30              4                 
     Via3           drawing        30              0                 
     Metal4         label          31              3                 
     Metal4         drawing4       31              4                 
     Metal4         fill           31              5                 
     Metal4         drawing        31              0                 
     Metal4         pin            31              1                 
     Metal4         net            31              2                 
     Via4           pin            32              1                 
     Via4           label          32              3                 
     Via4           drawing4       32              4                 
     Via4           drawing        32              0                 
     Metal5         label          33              3                 
     Metal5         drawing4       33              4                 
     Metal5         fill           33              5                 
     Metal5         drawing        33              0                 
     Metal5         pin            33              1                 
     Metal5         net            33              2                 
     Via5           pin            34              1                 
     Via5           label          34              3                 
     Via5           drawing4       34              4                 
     Via5           drawing        34              0                 
     Metal6         label          35              3                 
     Metal6         drawing4       35              4                 
     Metal6         fill           35              5                 
     Metal6         drawing        35              0                 
     Metal6         pin            35              1                 
     Metal6         net            35              2                 
     CapMetal       drawing        14              0                 
     Cont           drawing        6               0                 
     Poly           label          3               3                 
     Poly           drawing4       3               4                 
     Poly           drawing        3               0                 
     Poly           pin            3               1                 
     Poly           net            3               2                 
     Nwell          drawing        2               0                 
     Pwell          drawing        18              0                 
     Oxide          drawing        1               0                 
     ThickOxide     drawing        24              0                 
     Nburied        drawing        19              0                 
     Nimp           drawing        4               0                 
     Pimp           drawing        5               0                 
     SiProt         drawing        72              0                 
     Bondpad        drawing        36              0                 
     Capdum         drawing        12              0                 
     INDdummy       drawing        16              0                 
     IND2dummy      drawing        17              0                 
     IND3dummy      drawing        70              0                 
     RFdummy        drawing        69              0                 
     ResWdum        drawing        71              0                 
     Resdum         drawing        13              0                 
     M1dummy        drawing        37              0                 
     M2dummy        drawing        38              0                 
     M3dummy        drawing        39              0                 
     M4dummy        drawing        40              0                 
     M5dummy        drawing        41              0                 
     M6dummy        drawing        42              0                 
     BJTdum         drawing        15              0                 
     NPNdummy       drawing        20              0                 
     PNPdummy       drawing        21              0                 
     DIOdummy       drawing        22              0                 
     Psubiso        drawing        51              0                 
     allGeoShare    drawing        100             1                 
     allGeoShare    GeoShare       100             0                 
     OVERLAP        drawing        101             0                 
     OVERLAP        label          101             3                 
     OVERLAP        boundary       101             5                 
     prBoundary     drawing        235             0                 
     prBoundary     boundary       235             5                 
     text           drawing        230             0                 
     text           label          230             3                 
     JVAR1dummy     drawing        43              0                 
     JVAR2dummy     drawing        44              0                 
     JVAR3dummy     drawing        48              0                 

